============================= test session starts ==============================
platform darwin -- Python 3.14.6, pytest-9.1.1, pluggy-1.6.0 -- /Users/prayangshuuu/Desktop/kairos/.venv/bin/python
cachedir: .pytest_cache
django: version: 6.1, settings: config.settings.dev (from ini)
rootdir: /Users/prayangshuuu/Desktop/kairos
configfile: pytest.ini (WARNING: ignoring pytest config in pyproject.toml!)
plugins: cov-7.1.0, Faker-40.36.0, factoryboy-2.8.1, django-4.14.0
collecting ... collected 1 item

apps/integrations/tests.py::test_google_callback_rejects_tampered_state FAILED [100%]

=================================== FAILURES ===================================
_________________ test_google_callback_rejects_tampered_state __________________
apps/integrations/tests.py:24: in test_google_callback_rejects_tampered_state
    assert response.url == reverse('integrations:dashboard')
E   AssertionError: assert '/onboarding/' == '/dashboard/integrations/'
E     
E     - /dashboard/integrations/
E     + /onboarding/
---------------------------- Captured stderr setup -----------------------------
Creating test database for alias 'default'...
----------------------------- Captured stderr call -----------------------------
{"request": "GET /dashboard/integrations/google/callback/?state=tampered_state_value&code=fake_code", "user_agent": null, "event": "request_started", "timestamp": "2026-08-11T16:09:38.784946Z", "logger": "django_structlog.middlewares.request", "level": "info"}
{"code": 302, "request": "GET /dashboard/integrations/google/callback/?state=tampered_state_value&code=fake_code", "event": "request_finished", "timestamp": "2026-08-11T16:09:38.785655Z", "logger": "django_structlog.middlewares.request", "level": "info"}
------------------------------ Captured log call -------------------------------
INFO     django_structlog.middlewares.request:request.py:211 {'request': 'GET /dashboard/integrations/google/callback/?state=tampered_state_value&code=fake_code', 'user_agent': None, 'event': 'request_started', 'timestamp': '2026-08-11T16:09:38.784946Z', 'logger': 'django_structlog.middlewares.request', 'level': 'info'}
INFO     django_structlog.middlewares.request:request.py:162 {'code': 302, 'request': 'GET /dashboard/integrations/google/callback/?state=tampered_state_value&code=fake_code', 'event': 'request_finished', 'timestamp': '2026-08-11T16:09:38.785655Z', 'logger': 'django_structlog.middlewares.request', 'level': 'info'}
--------------------------- Captured stderr teardown ---------------------------
Destroying test database for alias 'default'...
=============================== warnings summary ===============================
.venv/lib/python3.14/site-packages/pytest_django/plugin.py:394
  /Users/prayangshuuu/Desktop/kairos/.venv/lib/python3.14/site-packages/pytest_django/plugin.py:394: RemovedInDjango70Warning: The EMAIL_BACKEND setting is deprecated. Migrate to MAILERS before Django 7.0.
    dj_settings.DATABASES  # noqa: B018

-- Docs: https://docs.pytest.org/en/stable/how-to/capture-warnings.html
================================ tests coverage ================================
_______________ coverage: platform darwin, python 3.14.6-final-0 _______________

Name                                                Stmts   Miss  Cover   Missing
---------------------------------------------------------------------------------
apps/__init__.py                                        0      0   100%
apps/accounts/__init__.py                               0      0   100%
apps/accounts/admin.py                                 10      0   100%
apps/accounts/apps.py                                   3      0   100%
apps/accounts/forms.py                                 22      0   100%
apps/accounts/middleware.py                            12      1    92%   25
apps/accounts/models.py                                95     27    72%   14, 27-35, 74, 79-81, 85-88, 91, 94-117
apps/accounts/services.py                              57     46    19%   16-38, 55-94
apps/accounts/tasks.py                                 33     33     0%   1-69
apps/accounts/tests.py                                 57     57     0%   1-105
apps/accounts/urls.py                                   4      0   100%
apps/accounts/validators.py                            16     11    31%   5-6, 19-31
apps/accounts/views.py                                160    122    24%   13-17, 21-34, 41-79, 87-100, 111-113, 119-148, 152-155, 161-179, 183, 187-188, 191-196, 200, 203-226
apps/analytics/__init__.py                              0      0   100%
apps/analytics/apps.py                                  4      0   100%
apps/analytics/models.py                               13      3    77%   14-16
apps/analytics/tasks.py                                 5      1    80%   6
apps/bookings/__init__.py                               0      0   100%
apps/bookings/admin.py                                 17      1    94%   21
apps/bookings/apps.py                                   3      0   100%
apps/bookings/forms.py                                125    125     0%   1-172
apps/bookings/ics.py                                   25     25     0%   1-55
apps/bookings/models.py                               104     22    79%   102-120, 123, 128-135, 146, 160
apps/bookings/services.py                             121    121     0%   1-284
apps/bookings/tasks.py                                 34     34     0%   1-73
apps/bookings/templatetags/__init__.py                  0      0   100%
apps/bookings/templatetags/booking_tags.py             37     37     0%   1-43
apps/bookings/tokens.py                                40     40     0%   1-55
apps/bookings/urls.py                                   4      0   100%
apps/bookings/views.py                                521    453    13%   28-54, 57-74, 79-85, 88-203, 208-214, 217-326, 332-380, 384-398, 406-427, 430-452, 456-472, 476-593, 596-645, 649-671, 675-681, 685-692, 696-702, 705-717, 721-727, 730-744, 752, 756-843, 847-854
apps/core/__init__.py                                   0      0   100%
apps/core/apps.py                                       4      0   100%
apps/core/exceptions.py                                 8      0   100%
apps/core/management/__init__.py                        0      0   100%
apps/core/management/commands/__init__.py               0      0   100%
apps/core/management/commands/kairos_selfcheck.py      42     42     0%   1-59
apps/core/middleware.py                                21     10    52%   16-33
apps/core/views.py                                     24     15    38%   6, 10-23, 28, 31, 34, 37
apps/demo/__init__.py                                   0      0   100%
apps/demo/admin.py                                      1      0   100%
apps/demo/apps.py                                       3      0   100%
apps/demo/models.py                                     1      0   100%
apps/demo/tests.py                                      1      1     0%   1
apps/demo/urls.py                                       4      0   100%
apps/demo/views.py                                     16      8    50%   6-7, 10-11, 14-15, 18, 21
apps/integrations/__init__.py                           0      0   100%
apps/integrations/admin.py                              1      0   100%
apps/integrations/apps.py                               3      0   100%
apps/integrations/models.py                            27      1    96%   57
apps/integrations/tests.py                             15      1    93%   27
apps/integrations/urls.py                               4      0   100%
apps/integrations/views.py                            106     81    24%   32-43, 48-69, 74-173, 178-196
apps/payments/__init__.py                               0      0   100%
apps/payments/admin.py                                  1      0   100%
apps/payments/apps.py                                   3      0   100%
apps/payments/models.py                                 1      0   100%
apps/payments/tests.py                                  1      1     0%   1
apps/payments/views.py                                  1      1     0%   1
apps/scheduling/__init__.py                             0      0   100%
apps/scheduling/admin.py                               34      0   100%
apps/scheduling/apps.py                                 3      0   100%
apps/scheduling/availability_views.py                 221    179    19%   18, 22-23, 32-54, 59-72, 77-92, 97-121, 126-130, 135-143, 148-160, 165-227, 232-304, 309-312, 317-367
apps/scheduling/engine.py                             190    179     6%   15-40, 47-98, 104, 119-308, 320-323
apps/scheduling/forms.py                               13      1    92%   18
apps/scheduling/intervals.py                           83     73    12%   13-14, 21-44, 53-89, 95-118, 124-126, 132-133, 139-154
apps/scheduling/models.py                             166     29    83%   37-45, 49, 52, 86, 113-115, 208, 212-214, 218, 222-224, 227, 255-261, 264
apps/scheduling/tasks.py                               12     12     0%   1-14
apps/scheduling/tests.py                                1      1     0%   1
apps/scheduling/urls.py                                 5      0   100%
apps/scheduling/views.py                              133     94    29%   17, 25, 33-69, 72, 80-128, 131, 135-157, 161-164, 168-173, 177-191
apps/teams/__init__.py                                  0      0   100%
apps/teams/admin.py                                     7      0   100%
apps/teams/apps.py                                      3      0   100%
apps/teams/models.py                                    7      1    86%   9
apps/teams/tests.py                                     1      1     0%   1
apps/teams/views.py                                     1      1     0%   1
---------------------------------------------------------------------------------
TOTAL                                                2690   1891    30%
=========================== short test summary info ============================
FAILED apps/integrations/tests.py::test_google_callback_rejects_tampered_state
========================= 1 failed, 1 warning in 2.14s =========================
